[INFO]
VERSION=0.103.0
SOFTWARE=Office Viewer
TARGET=None
LANGUAGE=Japanese
NAME=Luther
COMMENT="Microsoft Office Compatibility Pack for Word, Excel, and PowerPoint File Formats" update list only for Japanese

[LIST]
COUNT=11
1=FFCONVS
2=FFC_SP3
3=2825645
4=3085549
5=2984938
6=2596904
7=3213641
8=3213644
9=4011064
10=4011063
11=3213647

[FFCONVS]
TITLE=Word/Excel/PowerPoint 用 Microsoft Office 互換機能パック
INFO=https://www.microsoft.com/ja-jp/download/details.aspx?id=3
FILE=https://download.microsoft.com/download/8/B/9/8B97798B-00F8-4523-8CA6-8C0C5867883F/FileFormatConverters.exe
RENAME=
SIZE=38925208
TYPE=HOTFIX
CATEGORY=1
TIE_UP=
XOR_KEY=
SYNCHRO_KEY=
RELEASE=2009/08/28
RUN_ORDER=001
CMD=/quiet /norestart
COMMENT=

[FFC_SP3]
TITLE=Microsoft Office 互換機能パック Service Pack 3 (SP3)
INFO=https://www.microsoft.com/ja-jp/download/details.aspx?id=27836
FILE=https://download.microsoft.com/download/A/1/8/A1810723-FF82-434D-8DED-F1F4D77D11C4/compatibilitypacksp3-kb2526297-fullfile-ja-jp.exe
RENAME=
SIZE=38563408
TYPE=HOTFIX
CATEGORY=1
TIE_UP=FFCONVS
XOR_KEY=
SYNCHRO_KEY=
RELEASE=2011/09/20
RUN_ORDER=002
CMD=/quiet /norestart
COMMENT=

[2825645]
TITLE=Microsoft Office 2007 suites (KB2825645) のセキュリティ更新プログラム
INFO=https://www.microsoft.com/ja-jp/download/details.aspx?id=48469
FILE=https://download.microsoft.com/download/0/3/7/037FD836-AF75-48D6-BB47-A43ED81279E1/msxml52007-kb2825645-fullfile-x86-glb.exe
RENAME=
SIZE=6674896
TYPE=HOTFIX
CATEGORY=1
TIE_UP=FFC_SP3
XOR_KEY=
SYNCHRO_KEY=
RELEASE=2015/07/23
RUN_ORDER=003
CMD=/quiet /norestart
COMMENT=

[3085549]
TITLE=Microsoft Office 2007 suites (KB3085549) のセキュリティ更新プログラム
INFO=https://www.microsoft.com/ja-jp/download/details.aspx?id=50078
FILE=https://download.microsoft.com/download/C/2/0/C2085A3A-37B9-43C6-90A1-2D0042C2F30F/msptls2007-kb3085549-fullfile-x86-glb.exe
RENAME=
SIZE=5769328
TYPE=HOTFIX
CATEGORY=1
TIE_UP=FFC_SP3
XOR_KEY=
SYNCHRO_KEY=
RELEASE=2015/11/12
RUN_ORDER=004
CMD=/quiet /norestart
COMMENT=

[2984938]
TITLE=Microsoft Office 2007 suites (KB2984938) のセキュリティ更新プログラム
INFO=https://www.microsoft.com/ja-jp/download/details.aspx?id=52173
FILE=https://download.microsoft.com/download/1/2/A/12A68BC2-BC7F-46ED-BB6E-E0346431874D/oartconv2007-kb2984938-fullfile-x86-glb.exe
RENAME=
SIZE=5679688
TYPE=HOTFIX
CATEGORY=1
TIE_UP=FFC_SP3
XOR_KEY=
SYNCHRO_KEY=
RELEASE=2016/04/15
RUN_ORDER=005
CMD=/quiet /norestart
COMMENT=

[2596904]
TITLE=Microsoft Office 2007 suites (KB2596904) のセキュリティ更新プログラム
INFO=https://www.microsoft.com/ja-jp/download/details.aspx?id=55213
FILE=https://download.microsoft.com/download/7/E/9/7E97C867-3C64-4B11-92F9-8E810C252D26/riched202007-kb2596904-fullfile-x86-glb.exe
RENAME=
SIZE=6024968
TYPE=HOTFIX
CATEGORY=1
TIE_UP=FFC_SP3
XOR_KEY=
SYNCHRO_KEY=
RELEASE=2017/04/18
RUN_ORDER=006
CMD=/quiet /norestart
COMMENT=

[3213641]
TITLE=Microsoft Office 2007 suites (KB3213641) のセキュリティ更新プログラム
INFO=https://www.microsoft.com/ja-jp/download/details.aspx?id=55898
FILE=https://download.microsoft.com/download/7/8/8/7881882B-1B97-4E80-8BDD-D4A0D28194AD/ogl2007-kb3213641-fullfile-x86-glb.exe
RENAME=
SIZE=6214544
TYPE=HOTFIX
CATEGORY=1
TIE_UP=FFC_SP3
XOR_KEY=
SYNCHRO_KEY=
RELEASE=2017/09/04
RUN_ORDER=007
CMD=/quiet /norestart
COMMENT=

[3213644]
TITLE=Microsoft Office Compatibility Pack Service Pack 3 (KB3213644) のセキュリティ更新プログラム
INFO=https://www.microsoft.com/ja-jp/download/details.aspx?id=55899
FILE=https://download.microsoft.com/download/A/C/A/ACA8CC30-0035-4868-AD75-F1F4094F70C8/pptconv2007-kb3213644-fullfile-x86-glb.exe
RENAME=
SIZE=1961144
TYPE=HOTFIX
CATEGORY=1
TIE_UP=FFC_SP3
XOR_KEY=
SYNCHRO_KEY=
RELEASE=2017/09/04
RUN_ORDER=008
CMD=/quiet /norestart
COMMENT=

[4011064]
TITLE=Microsoft Office Compatibility Pack Service Pack 3 (KB4011064) のセキュリティ更新プログラム
INFO=https://www.microsoft.com/ja-jp/download/details.aspx?id=55938
FILE=https://download.microsoft.com/download/2/6/E/26ECBB8A-394E-469C-A789-4BBC687B5CAB/xlconv2007-kb4011064-fullfile-x86-glb.exe
RENAME=
SIZE=9900104
TYPE=HOTFIX
CATEGORY=1
TIE_UP=FFC_SP3
XOR_KEY=
SYNCHRO_KEY=
RELEASE=2017/09/04
RUN_ORDER=009
CMD=/quiet /norestart
COMMENT=

[4011063]
TITLE=Microsoft Office 2007 suites (KB4011063) のセキュリティ更新プログラム
INFO=https://www.microsoft.com/ja-jp/download/details.aspx?id=55940
FILE=https://download.microsoft.com/download/D/1/3/D1375E34-C740-4432-903E-FD643668CB82/mso2007-kb4011063-fullfile-x86-glb.exe
RENAME=
SIZE=13599176
TYPE=HOTFIX
CATEGORY=1
TIE_UP=FFC_SP3
XOR_KEY=
SYNCHRO_KEY=
RELEASE=2017/09/07
RUN_ORDER=010
CMD=/quiet /norestart
COMMENT=

[3213647]
TITLE=Microsoft Office Compatibility Pack Service Pack 3 (KB3213647) のセキュリティ更新プログラム
INFO=https://www.microsoft.com/ja-jp/download/details.aspx?id=56063
FILE=https://download.microsoft.com/download/3/0/3/303F463C-8141-42D1-9DCD-278AB1576537/wordconv2007-kb3213647-fullfile-x86-glb.exe
RENAME=
SIZE=4422904
TYPE=HOTFIX
CATEGORY=1
TIE_UP=FFC_SP3
XOR_KEY=
SYNCHRO_KEY=
RELEASE=2017/10/07
RUN_ORDER=011
CMD=/quiet /norestart
COMMENT=
