[INFO]
VERSION=0.103.0
SOFTWARE=Office 2003
TARGET=Service Pack 3
LANGUAGE=Japanese
NAME=Luther
COMMENT=Customized update list only for Japanese

[LIST]
COUNT=31
1=O2K3SP1
2=O2K3SP2
3=O2K3SP3
4=KB907417
5=KB943973
6=KB955439
7=KB924423
8=KB974554
9=KB947319
10=KB978551
11=KB980923
12=KB981716
13=2288613
14=2293428
15=2289163
16=2449798
17=2535812
18=2543854
19=2539581
20=2493523
21=2687626
22=2726929
23=2760574
24=2810047
25=2825621
26=2760494
27=2863822
28=2863866
29=2883042
30=2883044
31=3203484

[O2K3SP1]
TITLE=Office 2003 Service Pack 1
INFO=https://www.microsoft.com/ja-jp/download/details.aspx?id=9508
FILE=https://download.microsoft.com/download/0/3/d/03d47c29-483e-4174-81fb-e34bdc843c81/Office2003SP1-kb842532-fullfile-jpn.exe
RENAME=
SIZE=95340584
TYPE=Service Pack
CATEGORY=3
TIE_UP=
XOR_KEY=
SYNCHRO_KEY=
RELEASE=2004/07/27
RUN_ORDER=000
NO_MSP=
COMMENT=

[O2K3SP2]
TITLE=Office 2003 Service Pack 2
INFO=https://www.microsoft.com/ja-jp/download/details.aspx?id=23424
FILE=https://download.microsoft.com/download/e/0/c/e0c7cde9-f23b-41b8-b86f-1e21c15fd412/Office2003SP2-KB887616-FullFile-JPN.exe
RENAME=
SIZE=134967056
TYPE=Service Pack
CATEGORY=3
TIE_UP=
XOR_KEY=
SYNCHRO_KEY=
RELEASE=2005/09/27
RUN_ORDER=000
NO_MSP=
COMMENT=

[O2K3SP3]
TITLE=Office 2003 Service Pack 3
INFO=https://www.microsoft.com/ja-jp/download/details.aspx?id=8
FILE=https://download.microsoft.com/download/8/7/1/871b3beb-826b-493c-984d-1a4f22dd9760/Office2003SP3-KB923618-FullFile-JPN.exe
RENAME=
SIZE=152417704
TYPE=Service Pack
CATEGORY=3
TIE_UP=
XOR_KEY=
SYNCHRO_KEY=
RELEASE=2007/09/17
RUN_ORDER=000
NO_MSP=
COMMENT=

[KB907417]
TITLE=Microsoft Office 2003 更新プログラム (KB907417)
INFO=https://www.microsoft.com/ja-jp/download/details.aspx?id=10624
FILE=https://download.microsoft.com/download/8/f/c/8fc9fac5-79a1-4c35-8244-f52ee5dcfeac/office2003-KB907417-FullFile-JPN.exe
RENAME=
SIZE=297736
TYPE=HOTFIX
CATEGORY=1
TIE_UP=
XOR_KEY=
SYNCHRO_KEY=
RELEASE=2005/11/08
RUN_ORDER=001
NO_MSP=
COMMENT=

[KB943973]
TITLE=Microsoft Works Suite 2005 セキュリティ更新プログラム: KB943973
INFO=https://www.microsoft.com/ja-jp/download/details.aspx?id=1101
FILE=https://download.microsoft.com/download/c/2/9/c29d1806-5731-4c78-b39e-54e284104240/office2003-KB943973-FullFile-JPN.exe
RENAME=
SIZE=433736
TYPE=HOTFIX
CATEGORY=1
TIE_UP=
XOR_KEY=
SYNCHRO_KEY=
RELEASE=2008/02/11
RUN_ORDER=002
NO_MSP=
COMMENT=

[KB955439]
TITLE=Microsoft Access Snapshot Viewer 2003 セキュリティ更新プログラム: KB955439
INFO=https://www.microsoft.com/ja-jp/download/details.aspx?id=25112
FILE=https://download.microsoft.com/download/c/c/7/cc79e0fb-e138-4d26-82fa-35b8f260073d/office2003-KB955439-FullFile-JPN.exe
RENAME=
SIZE=200776
TYPE=HOTFIX
CATEGORY=1
TIE_UP=
XOR_KEY=
SYNCHRO_KEY=
RELEASE=2008/08/08
RUN_ORDER=003
NO_MSP=
COMMENT=

[KB924423]
TITLE=Microsoft Outlook 2003 更新プログラム: KB924423
INFO=https://www.microsoft.com/ja-jp/download/details.aspx?id=18930
FILE=https://download.microsoft.com/download/b/3/d/b3d3fb0a-60b2-4adf-8ef8-0bd66d3693ec/office2003-KB924423-v2-FullFile-JPN.exe
RENAME=
SIZE=162384
TYPE=HOTFIX
CATEGORY=7
TIE_UP=
XOR_KEY=
SYNCHRO_KEY=
RELEASE=2008/11/11
RUN_ORDER=004
NO_MSP=
COMMENT=

[KB974554]
TITLE=Microsoft Office 2003 セキュリティ更新プログラム: KB974554
INFO=https://www.microsoft.com/ja-jp/download/details.aspx?id=21694
FILE=https://download.microsoft.com/download/0/5/1/05168911-7AE2-4A28-9B7F-87471D32D968/office2003-KB974554-FullFile-JPN.exe
RENAME=
SIZE=826776
TYPE=HOTFIX
CATEGORY=1
TIE_UP=
XOR_KEY=
SYNCHRO_KEY=
RELEASE=2009/10/09
RUN_ORDER=005
NO_MSP=
COMMENT=

[KB947319]
TITLE=Microsoft Office Web Components セキュリティ更新プログラム: KB947319
INFO=https://www.microsoft.com/ja-jp/download/details.aspx?id=5033
FILE=https://download.microsoft.com/download/3/B/3/3B3BB3D0-FBFA-4ECC-9CDA-552D67BFF7DA/office2003-KB947319-FullFile-JPN.exe
RENAME=
SIZE=6926216
TYPE=HOTFIX
CATEGORY=1
TIE_UP=
XOR_KEY=
SYNCHRO_KEY=
RELEASE=2009/10/22
RUN_ORDER=006
NO_MSP=
COMMENT=

[KB978551]
TITLE=Microsoft Office 2003 更新プログラム: KB978551
INFO=https://www.microsoft.com/ja-jp/download/details.aspx?id=7882
FILE=https://download.microsoft.com/download/6/2/D/62DC7244-7B5D-48A3-9326-A0C0B7A4BB39/office2003-KB978551-FullFile-ENU.exe
RENAME=
SIZE=446368
TYPE=HOTFIX
CATEGORY=1
TIE_UP=
XOR_KEY=
SYNCHRO_KEY=
RELEASE=2009/12/17
RUN_ORDER=007
NO_MSP=
COMMENT=

[KB980923]
TITLE=Microsoft InfoPath 2003 セキュリティ更新プログラム: KB980923
INFO=https://www.microsoft.com/ja-jp/download/details.aspx?id=6021
FILE=https://download.microsoft.com/download/0/0/B/00BB815D-71C5-4812-A816-180878DE14AF/office2003-KB980923-FullFile-JPN.exe
RENAME=
SIZE=3040152
TYPE=HOTFIX
CATEGORY=1
TIE_UP=
XOR_KEY=
SYNCHRO_KEY=
RELEASE=2010/06/04
RUN_ORDER=008
NO_MSP=
COMMENT=

[KB981716]
TITLE=Microsoft Access 2003 セキュリティ更新プログラム: KB981716
INFO=https://www.microsoft.com/ja-jp/download/details.aspx?id=10213
FILE=https://download.microsoft.com/download/1/D/6/1D674983-AC78-48B4-BCB1-93C826F562CE/office2003-KB981716-FullFile-JPN.exe
RENAME=
SIZE=3913112
TYPE=HOTFIX
CATEGORY=1
TIE_UP=
XOR_KEY=
SYNCHRO_KEY=
RELEASE=2010/07/07
RUN_ORDER=009
NO_MSP=
COMMENT=

[2288613]
TITLE=Microsoft Office 2003 セキュリティ更新プログラム: KB2288613
INFO=https://www.microsoft.com/ja-jp/download/details.aspx?id=23997
FILE=https://download.microsoft.com/download/B/D/7/BD7D2EC1-45F0-4623-82A9-73AE4C468858/office2003-KB2288613-FullFile-JPN.exe
RENAME=
SIZE=674720
TYPE=HOTFIX
CATEGORY=1
TIE_UP=
XOR_KEY=
SYNCHRO_KEY=
RELEASE=2010/09/13
RUN_ORDER=010
NO_MSP=
COMMENT=

[2293428]
TITLE=Microsoft Outlook 2003 セキュリティ更新プログラム: KB2293428
INFO=https://www.microsoft.com/ja-jp/download/details.aspx?id=23351
FILE=https://download.microsoft.com/download/6/9/D/69D4DDAA-CA4B-4E09-BA28-CEF2350033F6/office2003-KB2293428-FullFile-JPN.exe
RENAME=
SIZE=4063632
TYPE=HOTFIX
CATEGORY=1
TIE_UP=
XOR_KEY=
SYNCHRO_KEY=
RELEASE=2010/09/13
RUN_ORDER=011
NO_MSP=
COMMENT=

[2289163]
TITLE=Microsoft Office 2003 セキュリティ更新プログラム: KB2289163
INFO=https://www.microsoft.com/ja-jp/download/details.aspx?id=11805
FILE=https://download.microsoft.com/download/6/5/8/65842F5B-ABD8-4931-81A4-960672C6663E/office2003-KB2289163-FullFile-JPN.exe
RENAME=
SIZE=851872
TYPE=HOTFIX
CATEGORY=1
TIE_UP=
XOR_KEY=
SYNCHRO_KEY=
RELEASE=2010/12/13
RUN_ORDER=012
NO_MSP=
COMMENT=

[2449798]
TITLE=Microsoft Outlook 2003 更新プログラム: KB2449798
INFO=https://www.microsoft.com/ja-jp/download/details.aspx?id=13333
FILE=https://download.microsoft.com/download/A/4/9/A493A17B-BC84-4B53-8D5A-DB6C63432545/office2003-KB2449798-FullFile-JPN.exe
RENAME=
SIZE=5125536
TYPE=HOTFIX
CATEGORY=1
TIE_UP=
XOR_KEY=
SYNCHRO_KEY=
RELEASE=2010/12/13
RUN_ORDER=013
NO_MSP=
COMMENT=

[2535812]
TITLE=Microsoft PowerPoint 2003 セキュリティ更新プログラム: KB2535812
INFO=https://www.microsoft.com/ja-jp/download/details.aspx?id=6179
FILE=https://download.microsoft.com/download/2/4/E/24E60F44-2D25-46DF-A25F-6071EF5D2A40/office2003-KB2535812-FullFile-JPN.exe
RENAME=
SIZE=3611040
TYPE=HOTFIX
CATEGORY=1
TIE_UP=
XOR_KEY=
SYNCHRO_KEY=
RELEASE=2011/05/06
RUN_ORDER=014
NO_MSP=
COMMENT=

[2543854]
TITLE=Microsoft Office 2003 更新プログラム: KB2543854
INFO=https://support.microsoft.com/kb/2543854
FILE=office2003-KB2543854.exe
RENAME=
SIZE=122368
TYPE=HOTFIX
CATEGORY=3
TIE_UP=
XOR_KEY=
SYNCHRO_KEY=
RELEASE=2011/05/24
RUN_ORDER=015
NO_MSP=
COMMENT=

[2539581]
TITLE=Microsoft Office 2003 更新プログラム: KB2539581
INFO=https://www.microsoft.com/ja-jp/download/details.aspx?id=26339
FILE=https://download.microsoft.com/download/A/B/B/ABB6AD17-B445-4ED4-8457-DC2A30AED91B/office2003-KB2539581-FullFile-JPN.exe
RENAME=
SIZE=1052064
TYPE=HOTFIX
CATEGORY=1
TIE_UP=
XOR_KEY=
SYNCHRO_KEY=
RELEASE=2011/06/13
RUN_ORDER=016
NO_MSP=
COMMENT=

[2493523]
TITLE=Microsoft Office 2003 セキュリティ更新プログラム: KB2493523
INFO=https://www.microsoft.com/ja-jp/download/details.aspx?id=26781
FILE=https://download.microsoft.com/download/0/5/6/05643146-3D1F-4B40-B670-E883DE28399E/office2003-KB2493523-FullFile-JPN.exe
RENAME=
SIZE=1097120
TYPE=HOTFIX
CATEGORY=1
TIE_UP=
XOR_KEY=
SYNCHRO_KEY=
RELEASE=2011/07/11
RUN_ORDER=017
NO_MSP=
COMMENT=

[2687626]
TITLE=Microsoft Office 2003 (KB2687626) のセキュリティ更新プログラム
INFO=https://www.microsoft.com/ja-jp/download/details.aspx?id=35717
FILE=https://download.microsoft.com/download/9/A/F/9AF87897-465D-4DCA-A31A-193FFAA0258A/office2003-KB2687626-FullFile-JPN.exe
RENAME=
SIZE=1692272
TYPE=HOTFIX
CATEGORY=1
TIE_UP=
XOR_KEY=
SYNCHRO_KEY=
RELEASE=2012/10/29
RUN_ORDER=018
NO_MSP=
COMMENT=

[2726929]
TITLE=Microsoft Office 2003 (KB2726929) のセキュリティ更新プログラム
INFO=https://www.microsoft.com/ja-jp/download/details.aspx?id=36010
FILE=https://download.microsoft.com/download/7/F/1/7F19A3A8-15BD-4BE1-B2B0-DAED792CA028/office2003-KB2726929-FullFile-JPN.exe
RENAME=
SIZE=1107056
TYPE=HOTFIX
CATEGORY=1
TIE_UP=
XOR_KEY=
SYNCHRO_KEY=
RELEASE=2012/12/10
RUN_ORDER=019
NO_MSP=
COMMENT=

[2760574]
TITLE=Microsoft Office 2003 (KB2760574) のセキュリティ更新プログラム
INFO=https://www.microsoft.com/ja-jp/download/details.aspx?id=36361
FILE=https://download.microsoft.com/download/3/F/D/3FDABEAD-AC13-4374-AFF9-A50FA34951A2/office2003-KB2760574-FullFile-JPN.exe
RENAME=
SIZE=939632
TYPE=HOTFIX
CATEGORY=1
TIE_UP=
XOR_KEY=
SYNCHRO_KEY=
RELEASE=2013/01/07
RUN_ORDER=020
NO_MSP=
COMMENT=

[2810047]
TITLE=Microsoft Publisher 2003 (KB2810047) のセキュリティ更新プログラム
INFO=https://www.microsoft.com/ja-jp/download/details.aspx?id=39004
FILE=https://download.microsoft.com/download/7/0/8/708580FE-101A-493E-A079-94CB9C514CCA/office2003-KB2810047-FullFile-JPN.exe
RENAME=
SIZE=2835168
TYPE=HOTFIX
CATEGORY=1
TIE_UP=
XOR_KEY=
SYNCHRO_KEY=
RELEASE=2013/04/30
RUN_ORDER=021
NO_MSP=
COMMENT=

[2825621]
TITLE=Microsoft Office 2003 (KB2825621) のセキュリティ更新プログラム
INFO=https://www.microsoft.com/ja-jp/download/details.aspx?id=40180
FILE=https://download.microsoft.com/download/5/1/5/515B20D2-7B82-46D1-9665-ADA80F836A87/office2003-KB2825621-FullFile-JPN.exe
RENAME=
SIZE=2004192
TYPE=HOTFIX
CATEGORY=1
TIE_UP=
XOR_KEY=
SYNCHRO_KEY=
RELEASE=2013/09/03
RUN_ORDER=022
NO_MSP=
COMMENT=

[2760494]
TITLE=Microsoft Office 2003 (KB2760494) のセキュリティ更新プログラム
INFO=https://www.microsoft.com/ja-jp/download/details.aspx?id=41120
FILE=https://download.microsoft.com/download/5/0/C/50CB3210-B200-4AE7-81C6-7D3C45A794E7/office2003-KB2760494-FullFile-JPN.exe
RENAME=
SIZE=635696
TYPE=HOTFIX
CATEGORY=1
TIE_UP=
XOR_KEY=
SYNCHRO_KEY=
RELEASE=2013/10/29
RUN_ORDER=023
NO_MSP=
COMMENT=

[2863822]
TITLE=Microsoft Outlook 2003 Junk E-mail Filter (KB2863822) の更新プログラム
INFO=https://www.microsoft.com/ja-jp/download/details.aspx?id=41408
FILE=https://download.microsoft.com/download/D/4/E/D4E69519-57DC-43AF-8D9D-DBC86503F4D1/office2003-KB2863822-FullFile-JPN.exe
RENAME=
SIZE=3641648
TYPE=HOTFIX
CATEGORY=1
TIE_UP=
XOR_KEY=
SYNCHRO_KEY=
RELEASE=2013/12/04
RUN_ORDER=024
NO_MSP=
COMMENT=

[2863866]
TITLE=Microsoft Word 2003 (KB2863866) のセキュリティ更新プログラム
INFO=https://www.microsoft.com/ja-jp/download/details.aspx?id=41609
FILE=https://download.microsoft.com/download/D/6/5/D6597E63-6BC1-437F-9BE1-E9E4AA9224FA/office2003-KB2863866-FullFile-JPN.exe
RENAME=
SIZE=5938480
TYPE=HOTFIX
CATEGORY=1
TIE_UP=
XOR_KEY=
SYNCHRO_KEY=
RELEASE=2013/12/19
RUN_ORDER=025
NO_MSP=
COMMENT=

[2883042]
TITLE=Microsoft Excel 2003 (KB2883042) のセキュリティ更新プログラム
INFO=https://www.microsoft.com/ja-jp/download/details.aspx?id=43595
FILE=https://download.microsoft.com/download/2/D/7/2D7C997C-004F-4559-88BD-E097936F3833/office2003-KB2883042-FullFile-JPN.exe
RENAME=
SIZE=5190936
TYPE=HOTFIX
CATEGORY=1
TIE_UP=
XOR_KEY=
SYNCHRO_KEY=
RELEASE=2014/07/07
RUN_ORDER=026
NO_MSP=
COMMENT=

[2883044]
TITLE=Microsoft Office 2003 (KB2883044) のセキュリティ更新プログラム
INFO=https://www.microsoft.com/ja-jp/download/details.aspx?id=43570
FILE=https://download.microsoft.com/download/1/D/E/1DEC7D6F-8F70-4750-B79F-C593C614655D/office2003-KB2883044-FullFile-JPN.exe
RENAME=
SIZE=5616408
TYPE=HOTFIX
CATEGORY=1
TIE_UP=
XOR_KEY=
SYNCHRO_KEY=
RELEASE=2014/07/07
RUN_ORDER=027
NO_MSP=
COMMENT=

[3203484]
TITLE=Microsoft Word Viewer (KB3203484) のセキュリティ更新プログラム
INFO=https://www.microsoft.com/ja-jp/download/details.aspx?id=55369
FILE=https://download.microsoft.com/download/4/5/A/45A779AC-1559-44AE-8955-428C0EC2F5A5/office2003-KB3203484-FullFile-JPN.exe
RENAME=
SIZE=1220912
TYPE=HOTFIX
CATEGORY=1
TIE_UP=
XOR_KEY=
SYNCHRO_KEY=
RELEASE=2017/06/05
RUN_ORDER=028
NO_MSP=
COMMENT=
